[2025-05-27 01:50:55.945] logging_settings:53  INFO    Логирование настроено с выводом в C:\Users\mercury\Documents\GitHub\rutok-users\app\logs\app.log
[2025-05-27 01:50:55.945] logging_settings:54  INFO    Текущая рабочая директория: C:\Users\mercury\Documents\GitHub\rutok-users\app
[2025-05-27 01:51:17.119] user_service:20  INFO    Сервис пользователей инициализирован
[2025-05-27 01:51:17.120] user_service:50  INFO    Получение всех пользователей
[2025-05-27 01:51:44.748] user_service:20  INFO    Сервис пользователей инициализирован
[2025-05-27 01:51:44.756] user_service:23  INFO    Получение пользователя с id 5
[2025-05-27 01:51:58.166] user_service:20  INFO    Сервис пользователей инициализирован
[2025-05-27 01:51:58.168] user_service:109 INFO    Удаление пользователя с id 100
[2025-05-27 01:52:28.997] logging_settings:53  INFO    Логирование настроено с выводом в C:\Users\mercury\Documents\GitHub\rutok-users\app\logs\app.log
[2025-05-27 01:52:29.029] logging_settings:54  INFO    Текущая рабочая директория: C:\Users\mercury\Documents\GitHub\rutok-users\app
[2025-05-27 01:52:29.219] logging_settings:53  INFO    Логирование настроено с выводом в C:\Users\mercury\Documents\GitHub\rutok-users\app\logs\app.log
[2025-05-27 01:52:29.219] logging_settings:54  INFO    Текущая рабочая директория: C:\Users\mercury\Documents\GitHub\rutok-users\app
[2025-05-27 01:54:03.304] user_service:20  INFO    Сервис пользователей инициализирован
[2025-05-27 01:54:03.304] user_service:109 INFO    Удаление пользователя с id 5
[2025-05-27 01:54:03.492] user_service:111 INFO    Пользователь удалён: id=5, имя пользователя=Паша, email=user1@example.com
[2025-05-27 01:54:21.645] user_service:20  INFO    Сервис пользователей инициализирован
[2025-05-27 01:54:21.674] user_service:109 INFO    Удаление пользователя с id 10000000000000000000000000000000
[2025-05-27 01:55:29.071] user_service:20  INFO    Сервис пользователей инициализирован
[2025-05-27 01:55:29.184] user_service:57  INFO    Создание пользователя с email user@example.com
[2025-05-27 01:55:29.198] user_service:89  ERROR   Непредвиденная ошибка при создании пользователя: (sqlalchemy.dialects.postgresql.asyncpg.Error) <class 'asyncpg.exceptions.DataError'>: invalid input for query argument $1: 1000000000000000000000000000000000000000... (value out of int32 range)
[SQL: SELECT roles.id, roles.role_name, roles.role_description 
FROM roles 
WHERE roles.id = $1::INTEGER]
[parameters: (10000000000000000000000000000000000000000000000000000000000,)]
(Background on this error at: https://sqlalche.me/e/20/dbapi)
[2025-05-27 01:56:58.918] user_service:20  INFO    Сервис пользователей инициализирован
[2025-05-27 01:56:58.927] user_service:57  INFO    Создание пользователя с email user@example.com
[2025-05-27 01:56:59.067] user_service:86  ERROR   Ошибка данных при создании пользователя: (sqlalchemy.dialects.postgresql.asyncpg.Error) <class 'asyncpg.exceptions.DataError'>: invalid input for query argument $1: 1000000000000000000000000000000000000000... (value out of int32 range)
[SQL: SELECT roles.id, roles.role_name, roles.role_description 
FROM roles 
WHERE roles.id = $1::INTEGER]
[parameters: (10000000000000000000000000000000000000000000000000,)]
(Background on this error at: https://sqlalche.me/e/20/dbapi)
[2025-05-27 01:58:09.574] user_service:20  INFO    Сервис пользователей инициализирован
[2025-05-27 01:58:09.586] user_service:57  INFO    Создание пользователя с email user@example.com
[2025-05-27 01:58:09.970] user_service:86  ERROR   Ошибка данных при создании пользователя: (sqlalchemy.dialects.postgresql.asyncpg.Error) <class 'asyncpg.exceptions.DataError'>: invalid input for query argument $1: 10000000000000000000000000000000 (value out of int32 range)
[SQL: SELECT roles.id, roles.role_name, roles.role_description 
FROM roles 
WHERE roles.id = $1::INTEGER]
[parameters: (10000000000000000000000000000000,)]
(Background on this error at: https://sqlalche.me/e/20/dbapi)
[2025-05-27 02:12:35.636] user_service:20  INFO    Сервис пользователей инициализирован
[2025-05-27 02:12:35.656] user_service:23  INFO    Получение пользователя с id 1
[2025-05-27 02:12:35.802] user_service:26  WARNING Пользователь с id 1 не найден
[2025-05-27 02:12:40.240] user_service:20  INFO    Сервис пользователей инициализирован
[2025-05-27 02:12:40.245] user_service:23  INFO    Получение пользователя с id 3
[2025-05-27 02:12:40.254] user_service:26  WARNING Пользователь с id 3 не найден
[2025-05-27 02:12:42.417] user_service:20  INFO    Сервис пользователей инициализирован
[2025-05-27 02:12:42.419] user_service:23  INFO    Получение пользователя с id 4
[2025-05-27 04:49:31] user_service:81  INFO    Создание пользователя с email user@example.com
[2025-05-27 04:49:31] user_service:119 ERROR   Ошибка данных при создании пользователя: (sqlalchemy.dialects.postgresql.asyncpg.Error) <class 'asyncpg.exceptions.DataError'>: invalid input for query argument $1: 1000000000000000000000000000000000000000... (value out of int32 range)
[SQL: SELECT roles.id, roles.role_name, roles.role_description 
FROM roles 
WHERE roles.id = $1::INTEGER]
[parameters: (1000000000000000000000000000000000000000000000000000,)]
(Background on this error at: https://sqlalche.me/e/20/dbapi)
[2025-05-27 04:50:37] user_service:81  INFO    Создание пользователя с email user@example.com
[2025-05-27 04:50:38] user_service:119 ERROR   Ошибка данных при создании пользователя: (sqlalchemy.dialects.postgresql.asyncpg.Error) <class 'asyncpg.exceptions.DataError'>: invalid input for query argument $1: 1000000000000000000000000000000000000000... (value out of int32 range)
[SQL: SELECT roles.id, roles.role_name, roles.role_description 
FROM roles 
WHERE roles.id = $1::INTEGER]
[parameters: (1000000000000000000000000000000000000000000000000000,)]
(Background on this error at: https://sqlalche.me/e/20/dbapi)
[2025-05-27 04:51:58] user_service:81  INFO    Создание пользователя с email user@example.com
[2025-05-27 04:51:59] user_service:86  WARNING Роль с id 0 не найдена при создании пользователя
[2025-05-27 04:51:59] user_service:123 ERROR   Непредвиденная ошибка сервера: 400: Роль с id 0 не найдена
[2025-05-27 04:52:08] user_service:81  INFO    Создание пользователя с email user@example.com
[2025-05-27 04:52:08] user_service:119 ERROR   Ошибка данных при создании пользователя: (sqlalchemy.dialects.postgresql.asyncpg.Error) <class 'asyncpg.exceptions.DataError'>: invalid input for query argument $1: 1000000000000000000000000000000000000 (value out of int32 range)
[SQL: SELECT roles.id, roles.role_name, roles.role_description 
FROM roles 
WHERE roles.id = $1::INTEGER]
[parameters: (1000000000000000000000000000000000000,)]
(Background on this error at: https://sqlalche.me/e/20/dbapi)
[2025-05-27 04:55:32] user_service:81  INFO    Создание пользователя с email user@example.com
[2025-05-27 04:55:32] user_service:86  WARNING Роль с id 0 не найдена при создании пользователя
[2025-05-27 04:55:32] user_service:123 ERROR   Непредвиденная ошибка сервера: 400: Роль с id 0 не найдена
[2025-05-27 04:55:34] user_service:81  INFO    Создание пользователя с email user@example.com
[2025-05-27 04:55:34] user_service:86  WARNING Роль с id 0 не найдена при создании пользователя
[2025-05-27 04:55:34] user_service:123 ERROR   Непредвиденная ошибка сервера: 400: Роль с id 0 не найдена
[2025-05-27 04:57:50] user_service:81  INFO    Создание пользователя с email user@example.com
[2025-05-27 04:57:50] user_service:86  WARNING Роль с id 0 не найдена при создании пользователя
[2025-05-27 04:57:50] user_service:123 ERROR   400: Роль с id 0 не найдена
[2025-05-27 05:44:38] user_service:27  INFO    Получение пользователя с id 100000000000000000000000000000000
[2025-05-27 05:44:38] user_service:37  ERROR   Недопустимый тип значения : id=100000000000000000000000000000000
[2025-05-27 05:45:26] user_service:27  INFO    Получение пользователя с id 10000000000000000000000000000
[2025-05-27 05:45:27] user_service:37  ERROR   Недопустимый тип значения : id=10000000000000000000000000000
[2025-05-27 05:45:30] user_service:27  INFO    Получение пользователя с id 10000000000000000000000000000
[2025-05-27 05:45:30] user_service:37  ERROR   Недопустимый тип значения : id=10000000000000000000000000000
[2025-05-27 05:45:47] user_service:27  INFO    Получение пользователя с id 12321
[2025-05-27 05:45:51] user_service:27  INFO    Получение пользователя с id 12321
[2025-05-27 05:45:52] user_service:27  INFO    Получение пользователя с id 12321
[2025-05-27 05:46:34] user_service:27  INFO    Получение пользователя с id 12321
[2025-05-27 05:46:34] user_service:30  WARNING Пользователь с id 12321 не найден
[2025-05-27 05:46:37] user_service:27  INFO    Получение пользователя с id 12321
[2025-05-27 05:46:37] user_service:30  WARNING Пользователь с id 12321 не найден
[2025-05-27 05:49:42] user_service:74  INFO    Получение пользователя с email в
[2025-05-27 05:49:43] user_service:77  WARNING Пользователь с email в не найден
[2025-05-27 05:49:43] user_service:92  ERROR   Непредвиденная ошибка сервера: 404: Пользователь с email в не найден
[2025-05-27 05:49:52] user_service:74  INFO    Получение пользователя с email 1231
[2025-05-27 05:49:52] user_service:77  WARNING Пользователь с email 1231 не найден
[2025-05-27 05:49:52] user_service:92  ERROR   Непредвиденная ошибка сервера: 404: Пользователь с email 1231 не найден
[2025-05-27 05:52:15] user_service:74  INFO    Получение пользователя с email 321
[2025-05-27 05:52:15] user_service:77  WARNING Пользователь с email 321 не найден
[2025-05-27 05:52:15] user_service:92  ERROR   Непредвиденная ошибка сервера: 404: Пользователь с email 321 не найден
[2025-05-27 05:52:50] user_service:74  INFO    Получение пользователя с email 321
[2025-05-27 05:52:50] user_service:77  WARNING Пользователь с email 321 не найден
[2025-05-27 05:52:50] user_service:92  ERROR   Непредвиденная ошибка сервера: 404: Пользователь с email 321 не найден
[2025-05-27 06:02:04] user_service:80  INFO    Получение пользователя с email 321
[2025-05-27 06:02:04] user_service:83  WARNING Пользователь с email 321 не найден
[2025-05-27 06:02:30] user_service:80  INFO    Получение пользователя с email 100000000000000000000000000000
[2025-05-27 06:02:30] user_service:83  WARNING Пользователь с email 100000000000000000000000000000 не найден
[2025-05-27 06:02:35] user_service:80  INFO    Получение пользователя с email 1000000000000000000000000000000000000000000
[2025-05-27 06:02:35] user_service:83  WARNING Пользователь с email 1000000000000000000000000000000000000000000 не найден
[2025-05-27 06:02:43] user_service:80  INFO    Получение пользователя с email "dsadsadsa"
[2025-05-27 06:02:43] user_service:83  WARNING Пользователь с email "dsadsadsa" не найден
[2025-05-27 06:02:51] user_service:80  INFO    Получение пользователя с email email
[2025-05-27 06:02:51] user_service:83  WARNING Пользователь с email email не найден
[2025-05-27 06:07:30] user_service:80  INFO    Получение пользователя с email 3213
[2025-05-27 06:07:30] user_service:83  WARNING Пользователь с email 3213 не найден
[2025-05-27 07:44:44] user_service:125 INFO    Создание пользователя с email mikhailov.kn@dvfu.ru
[2025-05-27 07:44:44] user_service:130 WARNING Роль с id 0 не найдена при создании пользователя
[2025-05-27 07:44:44] user_service:155 WARNING 400: Роль с id 0 не найдена
[2025-05-27 07:44:53] user_service:125 INFO    Создание пользователя с email mikhailov.kn@dvfu.ru
[2025-05-27 07:44:53] user_service:142 INFO    Пользователь создан: id=6, username=mercury, email=mikhailov.kn@dvfu.ru
[2025-05-27 11:50:09] user_service:104 INFO    Получение списка всех пользователей
[2025-05-27 11:50:11] user_service:116 ERROR   Непредвиденная ошибка сервера: [Errno 11001] getaddrinfo failed
[2025-05-27 11:54:37] user_service:104 INFO    Получение списка всех пользователей
[2025-05-27 11:54:39] user_service:116 ERROR   Непредвиденная ошибка сервера: [Errno 11001] getaddrinfo failed
[2025-05-27 11:55:58] user_service:104 INFO    Получение списка всех пользователей
[2025-05-27 11:56:01] user_service:116 ERROR   Непредвиденная ошибка сервера: [Errno 11001] getaddrinfo failed
[2025-05-27 11:58:06] user_service:104 INFO    Получение списка всех пользователей
[2025-05-27 11:58:09] user_service:116 ERROR   Непредвиденная ошибка сервера: [Errno 11001] getaddrinfo failed
[2025-05-27 11:58:32] user_service:104 INFO    Получение списка всех пользователей
[2025-05-27 11:58:34] user_service:116 ERROR   Непредвиденная ошибка сервера: [Errno 11001] getaddrinfo failed
[2025-05-27 12:02:05] user_service:104 INFO    Получение списка всех пользователей
[2025-05-27 12:02:07] user_service:116 ERROR   Непредвиденная ошибка сервера: [Errno 11001] getaddrinfo failed
[2025-05-27 12:02:14] user_service:104 INFO    Получение списка всех пользователей
[2025-05-27 12:02:16] user_service:116 ERROR   Непредвиденная ошибка сервера: [Errno 11001] getaddrinfo failed
[2025-05-27 12:03:23] user_service:104 INFO    Получение списка всех пользователей
[2025-05-27 12:03:26] user_service:116 ERROR   Непредвиденная ошибка сервера: [Errno 11001] getaddrinfo failed
[2025-05-27 12:06:12] user_service:104 INFO    Получение списка всех пользователей
[2025-05-27 12:06:14] user_service:116 ERROR   Непредвиденная ошибка сервера: [Errno 11001] getaddrinfo failed
[2025-05-27 12:16:57] user_service:104 INFO    Получение списка всех пользователей
[2025-05-27 12:22:20] user_service:104 INFO    Получение списка всех пользователей
[2025-05-27 12:25:12] user_service:104 INFO    Получение списка всех пользователей
[2025-05-27 12:26:24] user_service:26  INFO    Получение пользователя с id 5
[2025-05-27 12:26:24] user_service:29  WARNING Пользователь с id 5 не найден
[2025-05-27 12:26:45] user_service:104 INFO    Получение списка всех пользователей
[2025-05-27 12:26:57] user_service:26  INFO    Получение пользователя с id 6
[2025-05-27 12:31:06] user_service:26  INFO    Получение пользователя с id 6
[2025-05-27 12:32:46] user_service:104 INFO    Получение списка всех пользователей
[2025-05-27 12:37:01] user_service:125 INFO    Создание пользователя с email user@example.com
[2025-05-27 12:37:01] user_service:130 WARNING Роль с id 0 не найдена при создании пользователя
[2025-05-27 12:37:01] user_service:150 WARNING 400: Роль с id 0 не найдена
[2025-05-27 12:37:06] user_service:125 INFO    Создание пользователя с email user@example.com
[2025-05-27 12:37:06] user_service:150 WARNING 400: Пользователь с email user@example.com уже зарегистрирован
[2025-05-27 12:37:12] user_service:125 INFO    Создание пользователя с email user@example1.com
[2025-05-27 12:37:12] user_service:137 INFO    Пользователь создан: id=8, username=string, email=user@example1.com
[2025-05-27 12:38:06] user_service:104 INFO    Получение списка всех пользователей
[2025-05-27 12:41:41] user_service:104 INFO    Получение списка всех пользователей
[2025-05-27 12:42:51] user_service:104 INFO    Получение списка всех пользователей
[2025-05-27 12:45:19] user_service:104 INFO    Получение списка всех пользователей
[2025-05-27 12:45:19] user_service:109 DEBUG   Получено 3 пользователей
[2025-05-27 12:45:48] role_service:27  INFO    Получение списка всех ролей
[2025-05-27 12:45:48] role_service:32  DEBUG   Получено 2 ролей
[2025-05-27 12:46:05] user_service:26  INFO    Получение пользователя с id 6
[2025-05-27 12:46:05] user_service:32  DEBUG   Получен пользователь: id=6, username=mercury
[2025-05-27 12:46:24] user_service:125 INFO    Создание пользователя с email user@example.com
[2025-05-27 12:46:25] user_service:150 WARNING 400: Пользователь с email user@example.com уже зарегистрирован
[2025-05-27 12:46:37] role_service:27  INFO    Получение списка всех ролей
[2025-05-27 12:46:37] role_service:32  DEBUG   Получено 2 ролей
[2025-05-27 12:47:32] user_service:125 INFO    Создание пользователя с email user@example.com
[2025-05-27 12:47:32] user_service:150 WARNING 400: Пользователь с email user@example.com уже зарегистрирован
[2025-05-27 12:47:52] role_service:48  INFO    Получение роли с id 1
[2025-05-27 12:47:52] role_service:53  DEBUG   Получена роль: id=1, name=ADMIN, description=Администратор системы
[2025-05-27 12:48:06] role_service:27  INFO    Получение списка всех ролей
[2025-05-27 12:48:06] role_service:32  DEBUG   Получено 2 ролей
[2025-05-27 12:48:15] role_service:48  INFO    Получение роли с id 2
[2025-05-27 12:49:04] role_service:73  INFO    Создание роли
[2025-05-27 12:49:04] role_service:75  DEBUG   Роль создана: id=6, name=Moderator, description=Модератор системы
[2025-05-27 12:49:14] role_service:101 INFO    Удаление роли с id 10000000000000000000000000000
[2025-05-27 12:49:14] role_service:115 ERROR   Недопустимое значение : id=10000000000000000000000000000
[2025-05-27 12:49:25] role_service:129 INFO    Изменение роли пользователя с id 100000000000000000000000
[2025-05-27 12:49:25] role_service:146 ERROR   Недопустимое значение : id=%s
[2025-05-27 12:49:35] role_service:129 INFO    Изменение роли пользователя с id 1
[2025-05-27 12:49:49] role_service:129 INFO    Изменение роли пользователя с id 1
[2025-05-27 12:50:18] role_service:129 INFO    Изменение роли пользователя с id 5
[2025-05-27 12:50:21] role_service:129 INFO    Изменение роли пользователя с id 6
[2025-05-27 12:50:21] role_service:146 ERROR   Недопустимое значение : id=%s
[2025-05-27 12:52:39] role_service:129 INFO    Изменение роли пользователя с id 6
[2025-05-27 12:52:39] role_service:146 ERROR   Недопустимое значение : id=6
[2025-05-27 12:52:41] role_service:129 INFO    Изменение роли пользователя с id 6
[2025-05-27 12:52:41] role_service:146 ERROR   Недопустимое значение : id=6
[2025-05-27 12:52:52] role_service:129 INFO    Изменение роли пользователя с id 6
[2025-05-27 12:52:52] role_service:146 ERROR   Недопустимое значение : id=6
[2025-05-27 12:53:35] role_service:129 INFO    Изменение роли пользователя с id 6
[2025-05-27 12:53:35] role_service:146 ERROR   Недопустимое значение : id=100000000000000000000000000000
[2025-05-27 12:53:40] role_service:129 INFO    Изменение роли пользователя с id 7
[2025-05-27 12:53:50] role_service:129 INFO    Изменение роли пользователя с id -200000000000000000000000000000000
[2025-05-27 12:53:50] role_service:146 ERROR   Недопустимое значение : id=100000000000000000000000000000
[2025-05-27 12:53:56] role_service:129 INFO    Изменение роли пользователя с id -200000000000000000000000000000000
[2025-05-27 12:53:56] role_service:146 ERROR   Недопустимое значение : id=5
[2025-05-27 12:55:26] role_service:129 INFO    Изменение роли пользователя с id 6
[2025-05-27 12:55:26] role_service:147 ERROR   Недопустимое значение : id=6
[2025-05-27 12:55:49] role_service:129 INFO    Изменение роли пользователя с id 6
[2025-05-27 12:55:49] role_service:147 ERROR   Недопустимое значение : id=200000000000000000000000000000000000
[2025-05-27 12:55:59] role_service:129 INFO    Изменение роли пользователя с id 100
[2025-05-27 12:56:07] role_service:129 INFO    Изменение роли пользователя с id 6
[2025-05-27 12:56:07] role_service:147 ERROR   Недопустимое значение : id=-20000000000000000000000000
[2025-05-27 12:56:15] role_service:129 INFO    Изменение роли пользователя с id 20000000000000000000000000000000
[2025-05-27 12:56:15] role_service:147 ERROR   Недопустимое значение : id=20000000000000000000000000000000
[2025-05-27 12:56:18] role_service:129 INFO    Изменение роли пользователя с id -20000000000000000000000000000000
[2025-05-27 12:56:19] role_service:147 ERROR   Недопустимое значение : id=-20000000000000000000000000000000
[2025-05-29 07:59:21] user_service:27  INFO    Получение пользователя с id 1
[2025-05-29 07:59:22] user_service:30  WARNING Пользователь с id 1 не найден
[2025-05-29 07:59:29] user_service:27  INFO    Получение пользователя с id 6
[2025-05-29 07:59:29] user_service:33  DEBUG   Получен пользователь: id=6, username=mercury
[2025-05-29 08:00:43] user_service:105 INFO    Получение списка всех пользователей
[2025-05-29 08:00:43] user_service:110 DEBUG   Получено 3 пользователей
[2025-05-29 08:32:29] user_service:127 INFO    Создание пользователя с email user@example.com
[2025-05-29 08:35:17] user_service:127 INFO    Создание пользователя с email user@example.com
[2025-05-29 08:35:18] user_service:162 WARNING 400: Пользователь с email user@example.com уже зарегистрирован
[2025-05-29 08:35:42] user_service:127 INFO    Создание пользователя с email user@exampl111.com
[2025-05-29 08:35:43] user_service:149 INFO    Пользователь создан: id=12, username=string, email=user@exampl111.com
[2025-05-29 08:37:49] user_service:106 INFO    Получение списка всех пользователей
[2025-05-29 08:37:49] user_service:111 DEBUG   Получено 4 пользователей
[2025-05-29 08:38:10] user_service:211 INFO    Удаление пользователя с id 8
[2025-05-29 08:38:11] user_service:213 INFO    Пользователь удалён: id=8, username=string, email=user@example1.com
[2025-05-29 08:38:16] user_service:211 INFO    Удаление пользователя с id 6
[2025-05-29 08:38:16] user_service:213 INFO    Пользователь удалён: id=6, username=mercury, email=mikhailov.kn@dvfu.ru
[2025-05-29 08:38:18] user_service:211 INFO    Удаление пользователя с id 4
[2025-05-29 08:38:18] user_service:213 INFO    Пользователь удалён: id=4, username=string, email=user@example.com
[2025-05-29 08:38:23] user_service:106 INFO    Получение списка всех пользователей
[2025-05-29 08:38:23] user_service:111 DEBUG   Получено 1 пользователей
[2025-05-29 08:39:19] user_service:106 INFO    Получение списка всех пользователей
[2025-05-29 08:39:19] user_service:111 DEBUG   Получено 1 пользователей
[2025-05-29 08:39:39] role_service:129 INFO    Изменение роли пользователя с id 12
[2025-05-29 08:39:40] role_service:151 ERROR   Непредвиденная ошибка сервера: 'coroutine' object has no attribute 'role_name'
[2025-05-29 08:42:16] role_service:129 INFO    Изменение роли пользователя с id 12
[2025-05-29 08:42:17] role_service:152 ERROR   Непредвиденная ошибка сервера: name 'rolename' is not defined
[2025-05-29 08:42:46] role_service:129 INFO    Изменение роли пользователя с id 12
[2025-05-29 08:42:46] role_service:134 DEBUG   Роль пользователя изменена: id=12, username=string, email=user@exampl111.com, role_id=1, role_name=ADMIN
[2025-05-29 08:43:53] user_service:106 INFO    Получение списка всех пользователей
[2025-05-29 08:43:54] user_service:111 DEBUG   Получено 1 пользователей
[2025-05-29 08:44:15] role_service:27  INFO    Получение списка всех ролей
[2025-05-29 08:44:15] role_service:32  DEBUG   Получено 3 ролей
[2025-05-29 08:44:30] role_service:48  INFO    Получение роли с id 1
[2025-05-29 08:44:30] role_service:53  DEBUG   Получена роль: id=1, name=ADMIN, description=Администратор системы
[2025-05-29 08:44:35] role_service:27  INFO    Получение списка всех ролей
[2025-05-29 08:44:35] role_service:32  DEBUG   Получено 3 ролей
[2025-05-29 08:45:01] user_service:28  INFO    Получение пользователя с id 12
[2025-05-29 08:45:01] user_service:34  DEBUG   Получен пользователь: id=12, username=string
